2026-07-18 15:18:18,616 INFO  org.apache.flink.runtime.security.token.DelegationTokenReceiverRepository [] - Delegation token receivers loaded successfully
2026-07-18 15:18:18,616 INFO  org.apache.flink.runtime.taskexecutor.TaskManagerRunner      [] - Starting TaskManager with ResourceID: 172.18.0.4:36737-679e5e
2026-07-18 15:18:18,727 INFO  org.apache.flink.runtime.taskexecutor.TaskManagerServices    [] - Temporary file directory '/tmp': total 70 GB, usable 20 GB (28.57% usable)
2026-07-18 15:18:18,729 INFO  org.apache.flink.runtime.io.disk.iomanager.IOManager         [] - Created a new FileChannelManager for spilling of task related data to disk (joins, sorting, ...). Used directories:
2026-07-18 15:18:18,738 INFO  org.apache.flink.runtime.io.network.netty.NettyConfig        [] - NettyConfig [server address: /0.0.0.0, server port range: 0, ssl enabled: false, memory segment size (bytes): 32768, transport type: AUTO, number of server threads: 3 (manual), number of client threads: 3 (manual), server connect backlog: 0 (use Netty's default), client connect timeout (sec): 120, send/receive buffer size (bytes): 0 (use Netty's default)]
2026-07-18 15:18:18,751 INFO  org.apache.flink.runtime.io.network.NettyShuffleServiceFactory [] - Created a new FileChannelManager for storing result partitions of BLOCKING shuffles. Used directories:
2026-07-18 15:18:18,888 INFO  org.apache.flink.runtime.io.network.buffer.NetworkBufferPool [] - Allocated 128 MB for network buffer pool (number of memory segments: 4096, bytes per segment: 32768).
2026-07-18 15:18:18,905 INFO  org.apache.flink.runtime.io.network.NettyShuffleEnvironment  [] - Starting the network environment and its components.
2026-07-18 15:18:18,930 INFO  org.apache.flink.runtime.io.network.netty.NettyClient        [] - Transport type 'auto': using EPOLL.
2026-07-18 15:18:18,930 INFO  org.apache.flink.runtime.io.network.netty.NettyClient        [] - Successful initialization (took 24 ms).
2026-07-18 15:18:18,932 INFO  org.apache.flink.runtime.io.network.netty.NettyServer        [] - Transport type 'auto': using EPOLL.
2026-07-18 15:18:18,937 INFO  org.apache.flink.runtime.io.network.netty.NettyServer        [] - Successful initialization (took 5 ms). Listening on SocketAddress /0.0.0.0:45815.
2026-07-18 15:18:18,937 INFO  org.apache.flink.runtime.taskexecutor.TaskManagerServices    [] - TaskManager data connection initialized successfully; listening internally on port: 45815
2026-07-18 15:18:18,938 INFO  org.apache.flink.runtime.taskexecutor.KvStateService         [] - Starting the kvState service and its components.
2026-07-18 15:18:18,973 INFO  org.apache.flink.runtime.rpc.pekko.PekkoRpcService           [] - Starting RPC endpoint for org.apache.flink.runtime.taskexecutor.TaskExecutor at pekko://flink/user/rpc/taskmanager_0 .
2026-07-18 15:18:19,006 INFO  org.apache.flink.runtime.taskexecutor.DefaultJobLeaderService [] - Start job leader service.
2026-07-18 15:18:19,012 INFO  org.apache.flink.runtime.filecache.FileCache                 [] - User file cache uses directory /tmp/flink-dist-cache-9d1ce532-1d69-4ab6-8332-288f58bc10e9
2026-07-18 15:18:19,014 INFO  org.apache.flink.runtime.taskexecutor.TaskExecutor           [] - Connecting to ResourceManager pekko.tcp://flink@flink-jobmanager:6123/user/rpc/resourcemanager_*(00000000000000000000000000000000).
2026-07-18 15:18:19,253 INFO  org.apache.flink.runtime.taskexecutor.TaskExecutor           [] - Resolved ResourceManager address, beginning registration
2026-07-18 15:18:19,363 INFO  org.apache.flink.runtime.taskexecutor.TaskExecutor           [] - Successful registration at resource manager pekko.tcp://flink@flink-jobmanager:6123/user/rpc/resourcemanager_* under registration id 6e7c16d636e5a0b5dbc08f4c9757a1c6.
2026-07-18 15:19:01,409 INFO  org.apache.flink.runtime.taskexecutor.TaskExecutor           [] - Receive slot request 4f598da357de818dd2c42da3fdcf049f for job f3ddaaa61127bd1f95cdc35e9e8ada43 from resource manager with leader id 00000000000000000000000000000000.
2026-07-18 15:19:01,417 INFO  org.apache.flink.runtime.taskexecutor.slot.TaskSlotTableImpl [] - Allocated slot for 4f598da357de818dd2c42da3fdcf049f with resources ResourceProfile{cpuCores=1, taskHeapMemory=128.000mb (134217724 bytes), taskOffHeapMemory=0 bytes, managedMemory=170.667mb (178956973 bytes), networkMemory=42.667mb (44739243 bytes)}.
2026-07-18 15:19:01,427 INFO  org.apache.flink.runtime.taskexecutor.DefaultJobLeaderService [] - Add job f3ddaaa61127bd1f95cdc35e9e8ada43 for job leader monitoring.
2026-07-18 15:19:01,429 INFO  org.apache.flink.runtime.taskexecutor.DefaultJobLeaderService [] - Try to register at job manager pekko.tcp://flink@flink-jobmanager:6123/user/rpc/jobmanager_2 with leader id 00000000-0000-0000-0000-000000000000.
2026-07-18 15:19:01,456 INFO  org.apache.flink.runtime.taskexecutor.DefaultJobLeaderService [] - Resolved JobManager address, beginning registration
2026-07-18 15:19:01,496 INFO  org.apache.flink.runtime.taskexecutor.DefaultJobLeaderService [] - Successful registration at job manager pekko.tcp://flink@flink-jobmanager:6123/user/rpc/jobmanager_2 for job f3ddaaa61127bd1f95cdc35e9e8ada43.
2026-07-18 15:19:01,498 INFO  org.apache.flink.runtime.taskexecutor.TaskExecutor           [] - Establish JobManager connection for job f3ddaaa61127bd1f95cdc35e9e8ada43.
2026-07-18 15:19:01,503 INFO  org.apache.flink.runtime.taskexecutor.TaskExecutor           [] - Offer reserved slots to the leader of job f3ddaaa61127bd1f95cdc35e9e8ada43.
2026-07-18 15:19:01,554 INFO  org.apache.flink.runtime.taskexecutor.slot.TaskSlotTableImpl [] - Activate slot 4f598da357de818dd2c42da3fdcf049f.
2026-07-18 15:19:01,594 INFO  org.apache.flink.runtime.state.changelog.StateChangelogStorageLoader [] - Creating a changelog storage with name 'memory'.
2026-07-18 15:19:01,605 INFO  org.apache.flink.runtime.state.TaskExecutorChannelStateExecutorFactoryManager [] - Creating the channel state executor factory for job id f3ddaaa61127bd1f95cdc35e9e8ada43
2026-07-18 15:19:01,614 INFO  org.apache.flink.runtime.taskexecutor.TaskExecutor           [] - Received task Source: kafka-ordenes -> Timestamps/Watermarks (1/1)#0 (d57e62e26b8c99600c83d7678c333cd1_cbc357ccb763df2852fee8c4fc7d55f2_0_0), deploy into slot with allocation id 4f598da357de818dd2c42da3fdcf049f.
2026-07-18 15:19:01,616 INFO  org.apache.flink.runtime.taskmanager.Task                    [] - Source: kafka-ordenes -> Timestamps/Watermarks (1/1)#0 (d57e62e26b8c99600c83d7678c333cd1_cbc357ccb763df2852fee8c4fc7d55f2_0_0) switched from CREATED to DEPLOYING.
2026-07-18 15:19:01,617 INFO  org.apache.flink.runtime.taskexecutor.slot.TaskSlotTableImpl [] - Activate slot 4f598da357de818dd2c42da3fdcf049f.
2026-07-18 15:19:01,622 INFO  org.apache.flink.runtime.taskmanager.Task                    [] - Loading JAR files for task Source: kafka-ordenes -> Timestamps/Watermarks (1/1)#0 (d57e62e26b8c99600c83d7678c333cd1_cbc357ccb763df2852fee8c4fc7d55f2_0_0) [DEPLOYING].
2026-07-18 15:19:01,632 INFO  org.apache.flink.runtime.blob.BlobClient                     [] - Downloading f3ddaaa61127bd1f95cdc35e9e8ada43/p-09ae1fb084084a05d665314df5005d9c1ca32646-aed2efc8e6952a7baee7968454d8b88b from flink-jobmanager/172.18.0.2:6124
2026-07-18 15:19:01,646 INFO  org.apache.flink.runtime.taskexecutor.TaskExecutor           [] - Received task TumblingEventTimeWindows -> Sink: Writer -> Sink: Committer (1/1)#0 (d57e62e26b8c99600c83d7678c333cd1_90bea66de1c231edf33913ecd54406c1_0_0), deploy into slot with allocation id 4f598da357de818dd2c42da3fdcf049f.
2026-07-18 15:19:01,647 INFO  org.apache.flink.runtime.taskmanager.Task                    [] - TumblingEventTimeWindows -> Sink: Writer -> Sink: Committer (1/1)#0 (d57e62e26b8c99600c83d7678c333cd1_90bea66de1c231edf33913ecd54406c1_0_0) switched from CREATED to DEPLOYING.
2026-07-18 15:19:01,648 INFO  org.apache.flink.runtime.taskexecutor.slot.TaskSlotTableImpl [] - Activate slot 4f598da357de818dd2c42da3fdcf049f.
2026-07-18 15:19:01,656 INFO  org.apache.flink.runtime.taskmanager.Task                    [] - Loading JAR files for task TumblingEventTimeWindows -> Sink: Writer -> Sink: Committer (1/1)#0 (d57e62e26b8c99600c83d7678c333cd1_90bea66de1c231edf33913ecd54406c1_0_0) [DEPLOYING].
2026-07-18 15:19:01,772 INFO  org.apache.flink.streaming.runtime.tasks.StreamTask          [] - State backend is set to heap memory org.apache.flink.runtime.state.hashmap.HashMapStateBackend@356a8597
2026-07-18 15:19:01,773 INFO  org.apache.flink.runtime.state.StateBackendLoader            [] - State backend loader loads the state backend as HashMapStateBackend
2026-07-18 15:19:01,774 INFO  org.apache.flink.streaming.runtime.tasks.StreamTask          [] - Checkpoint storage is set to 'jobmanager'
2026-07-18 15:19:01,782 INFO  org.apache.flink.streaming.runtime.tasks.StreamTask          [] - State backend is set to heap memory org.apache.flink.runtime.state.hashmap.HashMapStateBackend@46127655
2026-07-18 15:19:01,782 INFO  org.apache.flink.runtime.state.StateBackendLoader            [] - State backend loader loads the state backend as HashMapStateBackend
2026-07-18 15:19:01,782 INFO  org.apache.flink.streaming.runtime.tasks.StreamTask          [] - Checkpoint storage is set to 'jobmanager'
2026-07-18 15:19:01,784 INFO  org.apache.flink.runtime.taskmanager.Task                    [] - Source: kafka-ordenes -> Timestamps/Watermarks (1/1)#0 (d57e62e26b8c99600c83d7678c333cd1_cbc357ccb763df2852fee8c4fc7d55f2_0_0) switched from DEPLOYING to INITIALIZING.
2026-07-18 15:19:01,784 INFO  org.apache.flink.runtime.taskmanager.Task                    [] - TumblingEventTimeWindows -> Sink: Writer -> Sink: Committer (1/1)#0 (d57e62e26b8c99600c83d7678c333cd1_90bea66de1c231edf33913ecd54406c1_0_0) switched from DEPLOYING to INITIALIZING.
2026-07-18 15:19:01,991 INFO  org.apache.flink.runtime.state.StateBackendLoader            [] - State backend is set to heap memory org.apache.flink.runtime.state.hashmap.HashMapStateBackend@3a934e3f
2026-07-18 15:19:01,991 INFO  org.apache.flink.runtime.state.StateBackendLoader            [] - State backend is set to heap memory org.apache.flink.runtime.state.hashmap.HashMapStateBackend@5830c060
2026-07-18 15:19:02,014 INFO  org.apache.flink.runtime.state.StateBackendLoader            [] - State backend is set to heap memory org.apache.flink.runtime.state.hashmap.HashMapStateBackend@865d51a
2026-07-18 15:19:02,023 INFO  org.apache.flink.runtime.state.StateBackendLoader            [] - State backend is set to heap memory org.apache.flink.runtime.state.hashmap.HashMapStateBackend@2d4c279e
2026-07-18 15:19:02,037 INFO  org.apache.flink.runtime.taskmanager.Task                    [] - Source: kafka-ordenes -> Timestamps/Watermarks (1/1)#0 (d57e62e26b8c99600c83d7678c333cd1_cbc357ccb763df2852fee8c4fc7d55f2_0_0) switched from INITIALIZING to RUNNING.
2026-07-18 15:19:02,063 INFO  org.apache.flink.connector.base.source.reader.SourceReaderBase [] - Adding split(s) to reader: [[Partition: kcd2026.ordenes-0, StartingOffset: -2, StoppingOffset: -9223372036854775808]]
2026-07-18 15:19:02,066 INFO  org.apache.kafka.clients.producer.ProducerConfig             [] - ProducerConfig values: 

2026-07-18 15:19:02,078 INFO  org.apache.kafka.clients.consumer.ConsumerConfig             [] - ConsumerConfig values: 

2026-07-18 15:19:02,088 INFO  org.apache.kafka.clients.producer.KafkaProducer              [] - [Producer clientId=producer-1] Instantiated an idempotent producer.
2026-07-18 15:19:02,110 INFO  org.apache.kafka.common.utils.AppInfoParser                  [] - Kafka version: 3.4.0
2026-07-18 15:19:02,110 INFO  org.apache.kafka.common.utils.AppInfoParser                  [] - Kafka commitId: 2e1947d240607d53
2026-07-18 15:19:02,110 INFO  org.apache.kafka.common.utils.AppInfoParser                  [] - Kafka startTimeMs: 1784387942109
2026-07-18 15:19:02,116 INFO  org.apache.flink.runtime.state.StateBackendLoader            [] - State backend is set to heap memory org.apache.flink.runtime.state.hashmap.HashMapStateBackend@29278576
2026-07-18 15:19:02,121 INFO  org.apache.flink.runtime.state.heap.HeapKeyedStateBackendBuilder [] - Finished to build heap keyed state-backend.
2026-07-18 15:19:02,127 WARN  org.apache.kafka.clients.consumer.ConsumerConfig             [] - These configurations '[client.id.prefix, partition.discovery.interval.ms]' were supplied but are not used yet.
2026-07-18 15:19:02,127 INFO  org.apache.kafka.common.utils.AppInfoParser                  [] - Kafka version: 3.4.0
2026-07-18 15:19:02,127 INFO  org.apache.kafka.common.utils.AppInfoParser                  [] - Kafka commitId: 2e1947d240607d53
2026-07-18 15:19:02,127 INFO  org.apache.kafka.common.utils.AppInfoParser                  [] - Kafka startTimeMs: 1784387942127
2026-07-18 15:19:02,127 INFO  org.apache.flink.runtime.state.heap.HeapKeyedStateBackend    [] - Initializing heap keyed state backend with stream factory.
2026-07-18 15:19:02,135 INFO  org.apache.flink.connector.base.source.reader.fetcher.SplitFetcher [] - Starting split fetcher 0
2026-07-18 15:19:02,141 INFO  org.apache.kafka.clients.consumer.KafkaConsumer              [] - [Consumer clientId=kcd2026-revenue-ventana-cliente-0, groupId=kcd2026-revenue-ventana-cliente] Assigned to partition(s): kcd2026.ordenes-0
2026-07-18 15:19:02,143 INFO  org.apache.kafka.clients.consumer.internals.SubscriptionState [] - [Consumer clientId=kcd2026-revenue-ventana-cliente-0, groupId=kcd2026-revenue-ventana-cliente] Seeking to earliest offset of partition kcd2026.ordenes-0
2026-07-18 15:19:02,146 INFO  org.apache.flink.runtime.taskmanager.Task                    [] - TumblingEventTimeWindows -> Sink: Writer -> Sink: Committer (1/1)#0 (d57e62e26b8c99600c83d7678c333cd1_90bea66de1c231edf33913ecd54406c1_0_0) switched from INITIALIZING to RUNNING.
2026-07-18 15:19:02,289 INFO  org.apache.kafka.clients.Metadata                            [] - [Producer clientId=producer-1] Cluster ID: 4L6g3nShT-eMCtK--X86sw
2026-07-18 15:19:02,289 INFO  org.apache.kafka.clients.Metadata                            [] - [Consumer clientId=kcd2026-revenue-ventana-cliente-0, groupId=kcd2026-revenue-ventana-cliente] Resetting the last seen epoch of partition kcd2026.ordenes-0 to 0 since the associated topicId changed from null to 6ZZMwwkxRLyW1oLG4uWBQw
2026-07-18 15:19:02,291 INFO  org.apache.kafka.clients.producer.internals.TransactionManager [] - [Producer clientId=producer-1] ProducerId set to 1 with epoch 0
2026-07-18 15:19:02,291 INFO  org.apache.kafka.clients.Metadata                            [] - [Consumer clientId=kcd2026-revenue-ventana-cliente-0, groupId=kcd2026-revenue-ventana-cliente] Cluster ID: 4L6g3nShT-eMCtK--X86sw
2026-07-18 15:19:02,299 INFO  org.apache.kafka.clients.consumer.internals.SubscriptionState [] - [Consumer clientId=kcd2026-revenue-ventana-cliente-0, groupId=kcd2026-revenue-ventana-cliente] Resetting offset for partition kcd2026.ordenes-0 to position FetchPosition{offset=0, offsetEpoch=Optional.empty, currentLeader=LeaderAndEpoch{leader=Optional[broker:9092 (id: 1 rack: null)], epoch=0}}.
2026-07-18 15:22:26,260 WARN  org.apache.kafka.clients.NetworkClient                       [] - [Producer clientId=producer-1] Error while fetching metadata with correlation id 4 : {kcd2026.revenue-ventana=UNKNOWN_TOPIC_OR_PARTITION}
2026-07-18 15:22:26,362 INFO  org.apache.kafka.clients.Metadata                            [] - [Producer clientId=producer-1] Resetting the last seen epoch of partition kcd2026.revenue-ventana-0 to 0 since the associated topicId changed from null to lChOCvpVT5megAzJvwmCcA
